Copyright 1986-2018 Xilinx, Inc. All Rights Reserved.
----------------------------------------------------------------------------------------
| Tool Version : Vivado v.2018.3 (win64) Build 2405991 Thu Dec  6 23:38:27 MST 2018
| Date         : Thu Jan 16 22:09:17 2020
| Host         : DESKTOP-FEIK2JA running 64-bit major release  (build 9200)
| Command      : report_control_sets -verbose -file Main_vivado_control_sets_placed.rpt
| Design       : Main_vivado
| Device       : xczu7ev
----------------------------------------------------------------------------------------

Control Set Information

Table of Contents
-----------------
1. Summary
2. Histogram
3. Flip-Flop Distribution
4. Detailed Control Set Information

1. Summary
----------

+----------------------------------------------------------+-------+
|                          Status                          | Count |
+----------------------------------------------------------+-------+
| Number of unique control sets                            |   195 |
| Unused register locations in slices containing registers |   250 |
+----------------------------------------------------------+-------+


2. Histogram
------------

+--------+--------------+
| Fanout | Control Sets |
+--------+--------------+
|      1 |            1 |
|      2 |           21 |
|      3 |            5 |
|      4 |            9 |
|      5 |            8 |
|      6 |            8 |
|      7 |            2 |
|      8 |            9 |
|      9 |            3 |
|     10 |            9 |
|     11 |            3 |
|     13 |           11 |
|     15 |            2 |
|    16+ |          104 |
+--------+--------------+


3. Flip-Flop Distribution
-------------------------

+--------------+-----------------------+------------------------+-----------------+--------------+
| Clock Enable | Synchronous Set/Reset | Asynchronous Set/Reset | Total Registers | Total Slices |
+--------------+-----------------------+------------------------+-----------------+--------------+
| No           | No                    | No                     |              39 |           33 |
| No           | No                    | Yes                    |               7 |            3 |
| No           | Yes                   | No                     |              34 |           21 |
| Yes          | No                    | No                     |            4676 |          759 |
| Yes          | No                    | Yes                    |               2 |            2 |
| Yes          | Yes                   | No                     |             856 |          215 |
+--------------+-----------------------+------------------------+-----------------+--------------+


4. Detailed Control Set Information
-----------------------------------

+------------------------------+---------------------------------------------------------------------------+---------------------------------------------------------------------+------------------+----------------+
|         Clock Signal         |                               Enable Signal                               |                           Set/Reset Signal                          | Slice Load Count | Bel Load Count |
+------------------------------+---------------------------------------------------------------------------+---------------------------------------------------------------------+------------------+----------------+
|  instance_name/inst/clk_out1 | single_sqrt_instance/divider_0/count                                      | single_sqrt_instance/divider_0/count[5]_i_1__3_n_0                  |                1 |              1 |
|  instance_name/inst/clk_out1 | single_divider_newton_instance/multiplier_0/b_s                           |                                                                     |                1 |              2 |
|  instance_name/inst/clk_out1 | Controller_unit_instance/process_tmp                                      | rst_IBUF_inst/O                                                     |                2 |              2 |
|  instance_name/inst/clk_out1 | double_divider_newton_instance/multiplier_0/a_e[12]_i_1__0_n_0            | double_divider_newton_instance/multiplier_0/a_e[4]_i_1__5_n_0       |                1 |              2 |
|  instance_name/inst/clk_out1 | double_sqrt_instance/divider_0/guard                                      |                                                                     |                1 |              2 |
|  instance_name/inst/clk_out1 | single_divider_newton_instance/multiplier_0/FSM_onehot_state_reg[9]       |                                                                     |                1 |              2 |
|  instance_name/inst/clk_out1 | single_sqrt_instance/adder_0/a_s                                          |                                                                     |                1 |              2 |
|  instance_name/inst/clk_out1 | single_sqrt_instance/divider_0/a_s                                        |                                                                     |                2 |              2 |
|  instance_name/inst/clk_out1 | double_divider_newton_instance/multiplier_0/z[63]_i_1__0_n_0              |                                                                     |                2 |              2 |
|  instance_name/inst/clk_out1 | double_divider_newton_instance/multiplier_0/b_s                           |                                                                     |                1 |              2 |
|  instance_name/inst/clk_out1 | double_sqrt_instance/adder_0/guard                                        |                                                                     |                1 |              2 |
|  instance_name/inst/clk_out1 | double_divider_newton_instance/adder_0/guard                              |                                                                     |                2 |              2 |
|  instance_name/inst/clk_out1 | single_sqrt_instance/divider_0/z                                          |                                                                     |                1 |              2 |
|  instance_name/inst/clk_out1 | double_divider_newton_instance/multiplier_0/round_bit_i_1__4_n_0          |                                                                     |                1 |              2 |
|  instance_name/inst/clk_out1 | single_divider_newton_instance/adder_0/guard                              |                                                                     |                1 |              2 |
|  instance_name/inst/clk_out1 | single_divider_newton_instance/multiplier_0/round_bit_i_1__0_n_0          |                                                                     |                1 |              2 |
|  instance_name/inst/clk_out1 | single_sqrt_instance/divider_0/guard                                      |                                                                     |                1 |              2 |
|  instance_name/inst/clk_out1 | double_sqrt_instance/adder_0/a_s                                          |                                                                     |                1 |              2 |
|  instance_name/inst/clk_out1 | double_sqrt_instance/divider_0/a_s                                        |                                                                     |                2 |              2 |
|  instance_name/inst/clk_out1 | double_sqrt_instance/divider_0/count                                      |                                                                     |                1 |              2 |
|  instance_name/inst/clk_out1 | double_sqrt_instance/adder_0/a_s_reg_0                                    |                                                                     |                1 |              2 |
|  instance_name/inst/clk_out1 | single_sqrt_instance/adder_0/guard                                        |                                                                     |                1 |              2 |
|  instance_name/inst/clk_out1 | single_divider_newton_instance/a_e[9]_i_1__0_n_0                          |                                                                     |                2 |              3 |
|  instance_name/inst/clk_out1 | single_divider_newton_instance/b_e[9]_i_1__1_n_0                          |                                                                     |                2 |              3 |
|  instance_name/inst/clk_out1 | double_divider_newton_instance/a_e[12]_i_1__4_n_0                         |                                                                     |                1 |              3 |
|  instance_name/inst/clk_out1 | single_divider_newton_instance/multiplier_0/z[31]_i_1__0_n_0              |                                                                     |                2 |              3 |
|  instance_name/inst/clk_out1 | double_divider_newton_instance/b_e[12]_i_1__1_n_0                         |                                                                     |                2 |              3 |
|  instance_name/inst/clk_out1 | single_divider_newton_instance/multiplier_0/state                         | rst_IBUF_inst/O                                                     |                1 |              4 |
|  instance_name/inst/clk_out1 | single_divider_newton_instance/adder_0/a_e                                | single_divider_newton_instance/adder_0/a_e[9]_i_1__6_n_0            |                1 |              4 |
|  instance_name/inst/clk_out1 | single_divider_newton_instance/adder_0/b_e                                |                                                                     |                3 |              4 |
|  instance_name/inst/clk_out1 | single_divider_newton_instance/adder_0/FSM_sequential_state[3]_i_1_n_0    | rst_IBUF_inst/O                                                     |                2 |              4 |
|  instance_name/inst/clk_out1 | single_sqrt_instance/adder_0/b_e                                          |                                                                     |                2 |              4 |
|  instance_name/inst/clk_out1 | double_sqrt_instance/divider_0/z                                          | double_sqrt_instance/divider_0/z[62]_i_1__1_n_0                     |                2 |              4 |
|  instance_name/inst/clk_out1 | single_sqrt_instance/adder_0/FSM_sequential_state[3]_i_1__0_n_0           | rst_IBUF_inst/O                                                     |                2 |              4 |
|  instance_name/inst/clk_out1 | single_sqrt_instance/adder_0/a_e                                          |                                                                     |                2 |              4 |
|  instance_name/inst/clk_out1 | double_divider_newton_instance/adder_0/FSM_sequential_state[3]_i_1__1_n_0 | rst_IBUF_inst/O                                                     |                2 |              4 |
|  instance_name/inst/clk_out1 | single_divider_newton_instance/multiplier_0/a_e[9]_i_1_n_0                |                                                                     |                4 |              5 |
|  instance_name/inst/clk_out1 | double_sqrt_instance/adder_0/b_e                                          |                                                                     |                2 |              5 |
|  instance_name/inst/clk_out1 | double_divider_newton_instance/adder_0/b_e                                |                                                                     |                2 |              5 |
|  instance_name/inst/clk_out1 | single_divider_newton_instance/multiplier_0/a_e[9]_i_1_n_0                | single_divider_newton_instance/multiplier_0/a_e[5]_i_1_n_0          |                2 |              5 |
|  instance_name/inst/clk_out1 | single_sqrt_instance/divider_0/count                                      |                                                                     |                1 |              5 |
|  instance_name/inst/clk_out1 | double_sqrt_instance/divider_0/count                                      | double_sqrt_instance/divider_0/count[6]_i_1__1_n_0                  |                1 |              5 |
|  instance_name/inst/clk_out1 | double_divider_newton_instance/multiplier_0/state                         | rst_IBUF_inst/O                                                     |                2 |              5 |
|  instance_name/inst/clk_out1 | double_sqrt_instance/adder_0/a_e                                          |                                                                     |                4 |              5 |
|  instance_name/inst/clk_out1 | double_sqrt_instance/adder_0/FSM_sequential_state[3]_i_1__2_n_0           | rst_IBUF_inst/O                                                     |                2 |              6 |
|  instance_name/inst/clk_out1 | single_divider_newton_instance/adder_0/b_e                                | single_divider_newton_instance/adder_0/b_e[6]_i_1__5_n_0            |                3 |              6 |
|  instance_name/inst/clk_out1 | single_divider_newton_instance/b_e[9]_i_1__1_n_0                          | single_divider_newton_instance/b_e[6]_i_1__6_n_0                    |                2 |              6 |
|  instance_name/inst/clk_out1 | single_divider_newton_instance/a_e[9]_i_1__0_n_0                          | single_divider_newton_instance/a_e[6]_i_1__7_n_0                    |                1 |              6 |
|  instance_name/inst/clk_out1 | single_sqrt_instance/adder_0/a_e                                          | single_sqrt_instance/adder_0/a_e[6]_i_1__8_n_0                      |                3 |              6 |
|  instance_name/inst/clk_out1 | single_sqrt_instance/adder_0/b_e                                          | single_sqrt_instance/adder_0/b_e[6]_i_1__7_n_0                      |                3 |              6 |
|  instance_name/inst/clk_out1 | single_divider_newton_instance/multiplier_0/s_output_z_stb_reg_1[0]       | single_divider_newton_instance/count0                               |                1 |              6 |
|  instance_name/inst/clk_out1 | single_divider_newton_instance/adder_0/a_e                                |                                                                     |                4 |              6 |
|  instance_name/inst/clk_out1 | single_divider_newton_instance/multiplier_0/z[31]_i_1__0_n_0              | single_divider_newton_instance/multiplier_0/z[29]_i_1_n_0           |                2 |              7 |
|  instance_name/inst/clk_out1 | double_divider_newton_instance/multiplier_0/s_output_z_stb_reg_1[0]       | double_divider_newton_instance/count0                               |                1 |              7 |
|  instance_name/inst/clk_out1 | single_sqrt_instance/adder_0/FSM_onehot_state_reg[3][0]                   | rst_IBUF_inst/O                                                     |                3 |              8 |
|  instance_name/inst/clk_out1 | single_divider_newton_instance/multiplier_0/FSM_onehot_state_reg[9]       | single_divider_newton_instance/multiplier_0/FSM_onehot_state_reg[3] |                1 |              8 |
|  instance_name/inst/clk_out1 | double_sqrt_instance/adder_0/E[0]                                         | rst_IBUF_inst/O                                                     |                2 |              8 |
|  instance_name/inst/clk_out1 | single_sqrt_instance/adder_0/FSM_onehot_state_reg[6]_0[0]                 | single_sqrt_instance/count0                                         |                1 |              8 |
|  instance_name/inst/clk_out1 | double_divider_newton_instance/adder_0/b_e                                | double_divider_newton_instance/adder_0/b_e[9]_i_1__6_n_0            |                2 |              8 |
|  instance_name/inst/clk_out1 | single_sqrt_instance/adder_0/FSM_onehot_state_reg[6]                      | single_sqrt_instance/z[30]_i_1__4_n_0                               |                6 |              8 |
|  instance_name/inst/clk_out1 | double_sqrt_instance/adder_0/b_e                                          | double_sqrt_instance/adder_0/b_e[9]_i_1__8_n_0                      |                4 |              8 |
|  instance_name/inst/clk_out1 | double_sqrt_instance/adder_0/a_e                                          | double_sqrt_instance/adder_0/a_e[9]_i_1__7_n_0                      |                4 |              8 |
|  instance_name/inst/clk_out1 | single_sqrt_instance/divider_0/z                                          | single_sqrt_instance/divider_0/z[30]_i_1__2_n_0                     |                3 |              8 |
|  instance_name/inst/clk_out1 | double_sqrt_instance/divider_0/z                                          |                                                                     |                5 |              9 |
|  instance_name/inst/clk_out1 | double_divider_newton_instance/a_e[12]_i_1__4_n_0                         | double_divider_newton_instance/a_e[9]_i_1__9_n_0                    |                3 |              9 |
|  instance_name/inst/clk_out1 | double_divider_newton_instance/b_e[12]_i_1__1_n_0                         | double_divider_newton_instance/b_e[9]_i_1__7_n_0                    |                2 |              9 |
|  instance_name/inst/clk_out1 | single_divider_newton_instance/multiplier_0/z_e[9]_i_1_n_0                |                                                                     |                2 |             10 |
|  instance_name/inst/clk_out1 | single_sqrt_instance/divider_0/a_e                                        |                                                                     |                6 |             10 |
|  instance_name/inst/clk_out1 | single_sqrt_instance/divider_0/b_e                                        |                                                                     |                7 |             10 |
|  instance_name/inst/clk_out1 | single_divider_newton_instance/adder_0/z_e                                |                                                                     |                3 |             10 |
|  instance_name/inst/clk_out1 | single_sqrt_instance/adder_0/z_e                                          |                                                                     |                4 |             10 |
|  instance_name/inst/clk_out1 | double_divider_newton_instance/multiplier_0/a_e[12]_i_1__0_n_0            |                                                                     |                4 |             10 |
|  instance_name/inst/clk_out1 | single_divider_newton_instance/multiplier_0/b_e[9]_i_1__0_n_0             |                                                                     |                4 |             10 |
|  instance_name/inst/clk_out1 | single_sqrt_instance/a_e[9]_i_1__8_n_0                                    |                                                                     |                4 |             10 |
|  instance_name/inst/clk_out1 | single_sqrt_instance/divider_0/z_e                                        |                                                                     |                2 |             10 |
|  instance_name/inst/clk_out1 | double_divider_newton_instance/multiplier_0/z[63]_i_1__0_n_0              | double_divider_newton_instance/multiplier_0/z[62]_i_1__0_n_0        |                4 |             11 |
|  instance_name/inst/clk_out1 | double_sqrt_instance/adder_0/a_s_reg_0                                    | double_sqrt_instance/z[62]_i_1__3_n_0                               |                2 |             11 |
|  instance_name/inst/clk_out1 | single_divider_newton_instance/multiplier_0/FSM_onehot_state_reg[10][0]   | rst_IBUF_inst/O                                                     |                4 |             11 |
|  instance_name/inst/clk_out1 | double_sqrt_instance/divider_0/z_e                                        |                                                                     |                2 |             13 |
|  instance_name/inst/clk_out1 | double_divider_newton_instance/adder_0/z_e                                |                                                                     |                5 |             13 |
|  instance_name/inst/clk_out1 | double_divider_newton_instance/multiplier_0/FSM_onehot_state_reg[10][0]   | rst_IBUF_inst/O                                                     |                3 |             13 |
|  instance_name/inst/clk_out1 | double_divider_newton_instance/multiplier_0/FSM_onehot_state_reg[9]_0     |                                                                     |                4 |             13 |
|  instance_name/inst/clk_out1 | double_sqrt_instance/divider_0/b_e                                        |                                                                     |                7 |             13 |
|  instance_name/inst/clk_out1 | double_sqrt_instance/divider_0/a_e                                        |                                                                     |                6 |             13 |
|  instance_name/inst/clk_out1 | double_divider_newton_instance/multiplier_0/b_e[12]_i_1__0_n_0            |                                                                     |                8 |             13 |
|  instance_name/inst/clk_out1 | double_sqrt_instance/adder_0/z_e                                          |                                                                     |                5 |             13 |
|  instance_name/inst/clk_out1 | double_divider_newton_instance/multiplier_0/z_e[12]_i_1__0_n_0            |                                                                     |                2 |             13 |
|  instance_name/inst/clk_out1 | double_divider_newton_instance/adder_0/a_e                                |                                                                     |                8 |             13 |
|  instance_name/inst/clk_out1 | double_sqrt_instance/a_e[12]_i_1__3_n_0                                   |                                                                     |                6 |             13 |
|  instance_name/inst/clk_out1 | double_sqrt_instance/divider_0/FSM_onehot_state[14]_i_1__0_n_0            | rst_IBUF_inst/O                                                     |                3 |             15 |
|  instance_name/inst/clk_out1 | single_sqrt_instance/divider_0/FSM_onehot_state[14]_i_1_n_0               | rst_IBUF_inst/O                                                     |                4 |             15 |
|  instance_name/inst/clk_out1 | single_divider_newton_instance/multiplier_0/product                       |                                                                     |                4 |             18 |
|  instance_name/inst/clk_out1 | single_divider_newton_instance/multiplier_0/z[31]_i_1__0_n_0              | single_divider_newton_instance/multiplier_0/z[21]_i_1_n_0           |                6 |             22 |
|  instance_name/inst/clk_out1 | single_divider_newton_instance/multiplier_0/FSM_onehot_state_reg[9]       | single_divider_newton_instance/z[21]_i_1__6_n_0                     |                4 |             22 |
|  instance_name/inst/clk_out1 | single_sqrt_instance/divider_0/z                                          | single_sqrt_instance/divider_0/z[21]_i_1__1_n_0                     |                8 |             22 |
|  instance_name/inst/clk_out1 | single_divider_newton_instance/multiplier_0/b_m[22]_i_1_n_0               |                                                                     |                4 |             23 |
|  instance_name/inst/clk_out1 | single_divider_newton_instance/multiplier_0/a_m[22]_i_1__6_n_0            |                                                                     |                6 |             23 |
|  instance_name/inst/clk_out1 | single_sqrt_instance/divider_0/b_m[22]_i_1__1_n_0                         |                                                                     |                6 |             23 |
|  instance_name/inst/clk_out1 | single_sqrt_instance/divider_0/dividend                                   |                                                                     |                8 |             23 |
|  instance_name/inst/clk_out1 | single_sqrt_instance/divider_0/a_m[22]_i_1_n_0                            |                                                                     |               11 |             23 |
|  instance_name/inst/clk_out1 | single_sqrt_instance/a_m[22]_i_1__0_n_0                                   |                                                                     |                6 |             23 |
|  instance_name/inst/clk_out1 | single_sqrt_instance/adder_0/z_m                                          |                                                                     |                9 |             24 |
|  instance_name/inst/clk_out1 | single_divider_newton_instance/adder_0/z_m                                |                                                                     |                8 |             24 |
|  instance_name/inst/clk_out1 | single_sqrt_instance/adder_0/FSM_onehot_state_reg[6]                      |                                                                     |               10 |             24 |
|  instance_name/inst/clk_out1 | single_divider_newton_instance/multiplier_0/z_m                           |                                                                     |                7 |             24 |
|  instance_name/inst/clk_out1 | single_sqrt_instance/divider_0/z_m                                        |                                                                     |                8 |             24 |
|  instance_name/inst/clk_out1 | single_divider_newton_instance/adder_0/a_m[25]_i_2__0_n_0                 | single_divider_newton_instance/adder_0/a_m[25]_i_1__4_n_0           |                6 |             25 |
|  instance_name/inst/clk_out1 | single_sqrt_instance/divider_0/z_s                                        |                                                                     |                8 |             25 |
|  instance_name/inst/clk_out1 | single_sqrt_instance/adder_0/b_m[25]_i_1__4_n_0                           |                                                                     |               12 |             26 |
|  instance_name/inst/clk_out1 | single_sqrt_instance/divider_0/FSM_onehot_state_reg_n_0_[7]               | single_sqrt_instance/divider_0/z_s                                  |                7 |             26 |
|  instance_name/inst/clk_out1 | single_divider_newton_instance/adder_0/b_m[25]_i_1__3_n_0                 |                                                                     |                6 |             26 |
|  instance_name/inst/clk_out1 | single_sqrt_instance/adder_0/a_m[25]_i_1__3_n_0                           |                                                                     |               10 |             26 |
|  instance_name/inst/clk_out1 | single_sqrt_instance/adder_0/sum[27]_i_1__0_n_0                           |                                                                     |                5 |             29 |
|  instance_name/inst/clk_out1 | single_divider_newton_instance/adder_0/sum[27]_i_1_n_0                    |                                                                     |                6 |             29 |
|  instance_name/inst/clk_out1 | single_divider_newton_instance/adder_0/b[30]_i_1__1_n_0                   |                                                                     |               11 |             31 |
|  instance_name/inst/clk_out1 | single_divider_newton_instance/b[30]_i_1_n_0                              |                                                                     |               12 |             31 |
|  instance_name/inst/clk_out1 | single_divider_newton_instance/adder_0/E[0]                               |                                                                     |               13 |             32 |
|  instance_name/inst/clk_out1 | single_divider_newton_instance/a                                          |                                                                     |               17 |             32 |
|  instance_name/inst/clk_out1 | single_divider_newton_instance/multiplier_0/s_output_z                    |                                                                     |               11 |             32 |
|  instance_name/inst/clk_out1 | single_sqrt_instance/adder_0/s_output_z_stb                               |                                                                     |                9 |             32 |
|  instance_name/inst/clk_out1 | single_divider_newton_instance/multiplier_0/b[31]_i_1__2_n_0              |                                                                     |               11 |             32 |
|  instance_name/inst/clk_out1 | single_sqrt_instance/adder_0/z                                            |                                                                     |               13 |             32 |
|  instance_name/inst/clk_out1 | single_divider_newton_instance/multiplier_0/E[0]                          |                                                                     |               13 |             32 |
|  instance_name/inst/clk_out1 | single_sqrt_instance/divider_0/a                                          |                                                                     |               13 |             32 |
|  instance_name/inst/clk_out1 | single_divider_newton_instance/adder_0/z                                  |                                                                     |               17 |             32 |
|  instance_name/inst/clk_out1 | single_sqrt_instance/adder_0/E[0]                                         |                                                                     |               14 |             32 |
|  instance_name/inst/clk_out1 | single_divider_newton_instance/adder_0/s_output_z_stb                     |                                                                     |               15 |             32 |
|  instance_name/inst/clk_out1 | single_sqrt_instance/divider_0/b                                          |                                                                     |               10 |             32 |
|  instance_name/inst/clk_out1 | single_sqrt_instance/s_output_z_stb                                       |                                                                     |               10 |             32 |
|  instance_name/inst/clk_out1 | single_sqrt_instance/adder_0/a[31]_i_1__3_n_0                             |                                                                     |               14 |             32 |
|  instance_name/inst/clk_out1 | single_divider_newton_instance/s_output_z_stb                             |                                                                     |                6 |             32 |
|  instance_name/inst/clk_out1 | single_sqrt_instance/divider_0/s_output_z_stb                             |                                                                     |               12 |             32 |
|  instance_name/inst/clk_out1 | single_sqrt_instance/divider_0/E[0]                                       |                                                                     |               12 |             32 |
|  instance_name/inst/clk_out1 | single_sqrt_instance/a                                                    |                                                                     |               15 |             32 |
|  instance_name/inst/clk_out1 | single_sqrt_instance/adder_0/b[31]_i_1__3_n_0                             |                                                                     |               14 |             32 |
|  instance_name/inst/clk_out1 | single_divider_newton_instance/multiplier_0/a[31]_i_1__2_n_0              |                                                                     |               12 |             32 |
|  instance_name/inst/clk_out1 | single_divider_newton_instance/adder_b                                    |                                                                     |               17 |             33 |
|  instance_name/inst/clk_out1 |                                                                           |                                                                     |               33 |             39 |
|  instance_name/inst/clk_out1 |                                                                           | rst_IBUF_inst/O                                                     |               22 |             41 |
|  instance_name/inst/clk_out1 | single_divider_newton_instance/a_s                                        |                                                                     |               13 |             48 |
|  instance_name/inst/clk_out1 | double_divider_newton_instance/multiplier_0/FSM_onehot_state_reg[9]_0     | double_divider_newton_instance/multiplier_0/FSM_onehot_state_reg[9] |               15 |             51 |
|  instance_name/inst/clk_out1 | double_sqrt_instance/divider_0/z                                          | double_sqrt_instance/divider_0/z[50]_i_1__1_n_0                     |               10 |             51 |
|  instance_name/inst/clk_out1 | double_sqrt_instance/adder_0/a_s_reg_0                                    | double_sqrt_instance/adder_0/FSM_onehot_state_reg[2]                |               11 |             51 |
|  instance_name/inst/clk_out1 | double_divider_newton_instance/multiplier_0/z[63]_i_1__0_n_0              | double_divider_newton_instance/multiplier_0/z[50]_i_1__0_n_0        |               12 |             51 |
|  instance_name/inst/clk_out1 | double_sqrt_instance/a_m[51]_i_1__1_n_0                                   |                                                                     |               15 |             52 |
|  instance_name/inst/clk_out1 | double_sqrt_instance/divider_0/a_m[51]_i_1_n_0                            |                                                                     |               15 |             52 |
|  instance_name/inst/clk_out1 | double_sqrt_instance/divider_0/b_m[51]_i_1__1_n_0                         |                                                                     |               14 |             52 |
|  instance_name/inst/clk_out1 | double_sqrt_instance/divider_0/dividend                                   |                                                                     |                9 |             52 |
|  instance_name/inst/clk_out1 | single_sqrt_instance/divider_0/remainder                                  | single_sqrt_instance/divider_0/z_s                                  |                9 |             52 |
|  instance_name/inst/clk_out1 | double_divider_newton_instance/multiplier_0/b_m[51]_i_1__0_n_0            |                                                                     |               14 |             52 |
|  instance_name/inst/clk_out1 | double_divider_newton_instance/multiplier_0/a_m[51]_i_1__2_n_0            |                                                                     |               20 |             52 |
|  instance_name/inst/clk_out1 | double_divider_newton_instance/multiplier_0/z_m                           |                                                                     |               24 |             53 |
|  instance_name/inst/clk_out1 | double_sqrt_instance/divider_0/z_m                                        |                                                                     |               15 |             53 |
|  instance_name/inst/clk_out1 | double_sqrt_instance/adder_0/z_m                                          |                                                                     |               20 |             53 |
|  instance_name/inst/clk_out1 | double_divider_newton_instance/adder_0/z_m                                |                                                                     |               20 |             53 |
|  instance_name/inst/clk_out1 | double_sqrt_instance/divider_0/z_s                                        |                                                                     |               14 |             54 |
|  instance_name/inst/clk_out1 | double_divider_newton_instance/adder_0/a_m[54]_i_2__0_n_0                 | double_divider_newton_instance/adder_0/a_m[54]_i_1__0_n_0           |               11 |             54 |
|  instance_name/inst/clk_out1 | double_sqrt_instance/divider_0/FSM_onehot_state_reg_n_0_[7]               | double_sqrt_instance/divider_0/z_s                                  |               14 |             55 |
|  instance_name/inst/clk_out1 | double_divider_newton_instance/adder_0/b_m[54]_i_1_n_0                    |                                                                     |               11 |             55 |
|  instance_name/inst/clk_out1 | double_sqrt_instance/adder_0/a_m[54]_i_1_n_0                              |                                                                     |               16 |             55 |
|  instance_name/inst/clk_out1 | double_sqrt_instance/adder_0/b_m[54]_i_1__0_n_0                           |                                                                     |               19 |             55 |
|  instance_name/inst/clk_out1 | double_divider_newton_instance/adder_0/sum[56]_i_1_n_0                    |                                                                     |               10 |             58 |
|  instance_name/inst/clk_out1 | double_sqrt_instance/adder_0/sum[56]_i_1__0_n_0                           |                                                                     |                9 |             58 |
|  instance_name/inst/clk_out1 | double_divider_newton_instance/adder_0/b[62]_i_1__0_n_0                   |                                                                     |               23 |             63 |
|  instance_name/inst/clk_out1 | double_divider_newton_instance/b[62]_i_1_n_0                              |                                                                     |               27 |             63 |
|  instance_name/inst/clk_out1 | double_sqrt_instance/divider_0/s_output_z_stb                             |                                                                     |               22 |             64 |
|  instance_name/inst/clk_out1 | double_divider_newton_instance/adder_0/z                                  |                                                                     |               30 |             64 |
|  instance_name/inst/clk_out1 | double_divider_newton_instance/adder_0/s_output_z_stb                     |                                                                     |               28 |             64 |
|  instance_name/inst/clk_out1 | double_sqrt_instance/divider_0/E[0]                                       |                                                                     |               17 |             64 |
|  instance_name/inst/clk_out1 | double_sqrt_instance/a                                                    |                                                                     |               20 |             64 |
|  instance_name/inst/clk_out1 | double_divider_newton_instance/multiplier_0/s_output_z                    |                                                                     |               23 |             64 |
|  instance_name/inst/clk_out1 | double_divider_newton_instance/multiplier_0/E[0]                          |                                                                     |               30 |             64 |
|  instance_name/inst/clk_out1 | double_sqrt_instance/adder_0/s_output_z_stb_reg_1[0]                      |                                                                     |               22 |             64 |
|  instance_name/inst/clk_out1 | double_sqrt_instance/divider_0/a                                          |                                                                     |               25 |             64 |
|  instance_name/inst/clk_out1 | double_sqrt_instance/adder_0/b[63]_i_1__2_n_0                             |                                                                     |               23 |             64 |
|  instance_name/inst/clk_out1 | double_divider_newton_instance/multiplier_0/b[63]_i_1__1_n_0              |                                                                     |               26 |             64 |
|  instance_name/inst/clk_out1 | double_sqrt_instance/divider_0/b                                          |                                                                     |               21 |             64 |
|  instance_name/inst/clk_out1 | double_divider_newton_instance/a                                          |                                                                     |               34 |             64 |
|  instance_name/inst/clk_out1 | double_sqrt_instance/s_output_z_stb                                       |                                                                     |               19 |             64 |
|  instance_name/inst/clk_out1 | double_sqrt_instance/adder_0/z                                            |                                                                     |               22 |             64 |
|  instance_name/inst/clk_out1 | double_divider_newton_instance/multiplier_0/a[63]_i_1__2_n_0              |                                                                     |               28 |             64 |
|  instance_name/inst/clk_out1 | double_divider_newton_instance/s_output_z_stb                             |                                                                     |               15 |             64 |
|  instance_name/inst/clk_out1 | double_sqrt_instance/adder_0/a[63]_i_1__3_n_0                             |                                                                     |               23 |             64 |
|  instance_name/inst/clk_out1 | double_divider_newton_instance/adder_0/E[0]                               |                                                                     |               22 |             64 |
|  instance_name/inst/clk_out1 | double_sqrt_instance/adder_0/s_output_z_stb                               |                                                                     |               20 |             64 |
|  instance_name/inst/clk_out1 | double_divider_newton_instance/adder_b                                    |                                                                     |               27 |             65 |
|  instance_name/inst/clk_out1 | single_divider_newton_instance/multiplier_a[31]_i_1_n_0                   |                                                                     |               22 |             66 |
|  instance_name/inst/clk_out1 | single_sqrt_instance/adder_a                                              |                                                                     |               30 |             66 |
|  instance_name/inst/clk_out1 | single_sqrt_instance/divider_a                                            |                                                                     |               25 |             66 |
|  instance_name/inst/clk_out1 | double_divider_newton_instance/a_s                                        |                                                                     |               19 |            106 |
|  instance_name/inst/clk_out1 | double_divider_newton_instance/multiplier_0/product                       |                                                                     |               16 |            107 |
|  instance_name/inst/clk_out1 | double_sqrt_instance/divider_0/remainder                                  | double_sqrt_instance/divider_0/z_s                                  |               18 |            110 |
|  instance_name/inst/clk_out1 | double_sqrt_instance/divider_a                                            |                                                                     |               53 |            130 |
|  instance_name/inst/clk_out1 | double_sqrt_instance/adder_a                                              |                                                                     |               49 |            130 |
|  instance_name/inst/clk_out1 | double_divider_newton_instance/multiplier_a[63]_i_1_n_0                   |                                                                     |               42 |            130 |
+------------------------------+---------------------------------------------------------------------------+---------------------------------------------------------------------+------------------+----------------+


